15:28:41 **** Build of configuration Debug for project zynq_hello_world ****
make all 
make --no-print-directory pre-build
a9-linaro-pre-build-step
 
make --no-print-directory main-build
Building file: ../src/helloworld.c
Invoking: ARM v7 gcc compiler
arm-none-eabi-gcc -Wall -O0 -g3 -c -fmessage-length=0 -MT"src/helloworld.o" -mcpu=cortex-a9 -mfpu=vfpv3 -mfloat-abi=hard -I/home/user/Desktop/latency-aware-target-control/firmware/zynq/vitis_workspace/target_control_zynq_platform/export/target_control_zynq_platform/sw/target_control_zynq_platform/standalone_domain/bspinclude/include -MMD -MP -MF"src/helloworld.d" -MT"src/helloworld.o" -o "src/helloworld.o" "../src/helloworld.c"
Finished building: ../src/helloworld.c
 
Building file: ../src/platform.c
Invoking: ARM v7 gcc compiler
arm-none-eabi-gcc -Wall -O0 -g3 -c -fmessage-length=0 -MT"src/platform.o" -mcpu=cortex-a9 -mfpu=vfpv3 -mfloat-abi=hard -I/home/user/Desktop/latency-aware-target-control/firmware/zynq/vitis_workspace/target_control_zynq_platform/export/target_control_zynq_platform/sw/target_control_zynq_platform/standalone_domain/bspinclude/include -MMD -MP -MF"src/platform.d" -MT"src/platform.o" -o "src/platform.o" "../src/platform.c"
Finished building: ../src/platform.c
 
Building target: zynq_hello_world.elf
Invoking: ARM v7 gcc linker
arm-none-eabi-gcc -mcpu=cortex-a9 -mfpu=vfpv3 -mfloat-abi=hard -Wl,-build-id=none -specs=Xilinx.spec -Wl,-T -Wl,../src/lscript.ld -L/home/user/Desktop/latency-aware-target-control/firmware/zynq/vitis_workspace/target_control_zynq_platform/export/target_control_zynq_platform/sw/target_control_zynq_platform/standalone_domain/bsplib/lib -o "zynq_hello_world.elf" ./src/helloworld.o ./src/platform.o   -Wl,--start-group,-lxil,-lgcc,-lc,--end-group
Finished building target: zynq_hello_world.elf
 
Invoking: ARM v7 Print Size
arm-none-eabi-size zynq_hello_world.elf  |tee "zynq_hello_world.elf.size"
   text	   data	    bss	    dec	    hex	filename
  19104	   1144	  22568	  42816	   a740	zynq_hello_world.elf
Finished building: zynq_hello_world.elf.size
 

15:28:41 Build Finished (took 351ms)

